[37mE[37mSP-ROM:esp32c6-20220919
B[37mu[37mild:Sep 19 2022
rst:0x1 (POWERON),boot:0xc (SPI_FAST_FLASH_BOO[37mT[37m)
SPIWP:0xee
mode:DIO, clock div:2
load:0x4086c410,len:0xd4c[37m[37m
load:0x4086e610,len:0x2dd4
load:0x40875728,len:0x17d0
entry [37m0[37mx4086c410
[0;32mI (23) boot: ESP-IDF 5.1.2 2nd stage bootload[37me[37mr[0m
[0;32mI (24) boot: compile time Sep  9 2024 14:47:03[0[37mm[37m
[0;32mI (24) boot: chip revision: v0.0[0m
[0;32mI (26) bo[37mo[37mt.esp32c6: SPI Speed      : 80MHz[0m
[0;32mI (31) boot.esp32[37mc[37m6: SPI Mode       : DIO[0m
[0;32mI (36) boot.esp32c6: SPI Fl[37ma[37msh Size : 4MB[0m
[0;32mI (41) boot: Enabling RNG early entro[37mp[37my source...[0m
[0;32mI (46) boot: Partition Table:[0m
[0;[37m3[37m2mI (49) boot: ## Label            Usage          Type ST Offse[37mt[37m   Length[0m
[0;32mI (57) boot:  0 nvs              WiFi dat[37ma[37m        01 02 00009000 00006000[0m
[0;32mI (64) boot:  1 phy[37m_[37minit         RF data          01 01 0000f000 00001000[0m
[0;[37m3[37m2mI (72) boot:  2 factory          factory app      00 00 00010[37m0[37m00 00100000[0m
[0;32mI (79) boot: End of partition table[0m[37m[37m
[0;32mI (83) esp_image: segment 0: paddr=00010020 vaddr=42010[37m0[37m20 size=079e0h ( 31200) map[0m
[0;32mI (98) esp_image: segme[37mn[37mt 1: paddr=00017a08 vaddr=40800000 size=08610h ( 34320) load[0[37mm[37m
[0;32mI (108) esp_image: segment 2: paddr=00020020 vaddr=420[37m0[37m0020 size=0e270h ( 57968) map[0m
[0;32mI (121) esp_image: se[37mg[37mment 3: paddr=0002e298 vaddr=40808610 size=010c8h (  4296) load[37m[37m[0m
[0;32mI (123) esp_image: segment 4: paddr=0002f368 vaddr=[37m4[37m08096e0 size=01090h (  4240) load[0m
[0;32mI (130) boot: Loa[37md[37med app from partition at offset 0x10000[0m
[0;32mI (133) boo[37mt[37m: Disabling RNG early entropy source...[0m
[0;32mI (149) cpu[37m_[37mstart: Unicore app[0m
[0;32mI (150) cpu_start: Pro cpu up.[[37m0[37mm
[37m[37m[0;33mW (164) clk: esp_perip_clk_init() has not been implemente[37md[37m yet[0m
[0;32mI (170) cpu_start: Pro cpu start user code[0m[37m[37m
[0;32mI (170) cpu_start: cpu freq: 160000000 Hz[0m
[0;32mI[37m [37m(171) cpu_start: Application information:[0m
[0;32mI (173) c[37mp[37mu_start: Project name:     neoring[0m
[0;32mI (178) cpu_star[37mt[37m: App version:      1[0m
[0;32mI (183) cpu_start: Compile ti[37mm[37me:     Sep  9 2024 14:47:06[0m
[0;32mI (189) cpu_start: ELF [37mf[37mile SHA256:  c2e386b191d36301...[0m
[0;32mI (195) cpu_start:[37m [37mESP-IDF:          5.1.2[0m
[0;32mI (199) cpu_start: Min chip[37m [37mrev:     v0.0[0m
[0;32mI (204) cpu_start: Max chip rev:     [37mv[37m0.99 [0m
[0;32mI (209) cpu_start: Chip rev:         v0.0[0m[37m[37m
[0;32mI (214) heap_init: Initializing. RAM available for dyna[37mm[37mic allocation:[0m
[0;32mI (221) heap_init: At 4080B620 len 0[37m0[37m070FF0 (451 KiB): D/IRAM[0m
[0;32mI (227) heap_init: At 4087[37mC[37m610 len 00002F54 (11 KiB): STACK/DIRAM[0m
[0;32mI (234) heap[37m_[37minit: At 50000000 len 00003FE8 (15 KiB): RTCRAM[0m
[0;32mI ([37m2[37m41) spi_flash: detected chip: generic[0m
[0;32mI (245) spi_f[37ml[37mash: flash io: dio[0m
[0;32mI (249) sleep: Configure to isol[37ma[37mte all GPIO pins in sleep state[0m
[0;32mI (256) sleep: Enab[37ml[37me automatic switching of GPIO sleep configuration[0m
[0;32mI[37m [37m(263) coexist: coex firmware version: b6d5e8c[0m
[0;32mI (26[37m8[37m) coexist: coexist rom version 5b8dcfa[0m
[0;32mI (273) app_[37ms[37mtart: Starting scheduler on CPU0[0m
[0;32mI (278) main_task:[37m [37mStarted on CPU0[0m
[0;32mI (278) main_task: Calling app_main[37m([37m)[0m
Neopixel ID: 0 in pointer 0x4087cd38: 255 0 0, 0x4087cd4[37m8[37m
Neopixel ID: 1 in pointer 0x4087cd48: 255 0 0, 0x4087cd58
Ne[37mo[37mpixel ID: 2 in pointer 0x4087cd58: 255 0 0, 0x4087cd68
[37mN[37meopixel ID: 3 in pointer 0x4087cd68: 255 0 0, 0x4087cd78
Neopi[37mx[37mel ID: 4 in pointer 0x4087cd78: 255 0 0, 0x4087cd88
Neopixel I[37mD[37m: 5 in pointer 0x4087cd88: 255 0 0, 0x4087cd98
Neopixel ID: 6 [37mi[37mn pointer 0x4087cd98: 255 0 0, 0x4087cda8
Neopixel ID: 7 in po[37mi[37mnter 0x4087cda8: 255 0 0, 0x4087cdb8
Neopixel ID: 8 in pointer[37m [37m0x4087cdb8: 255 0 0, 0x4087cdc8
Neopixel ID: 9 in pointer 0x40[37m8[37m7cdc8: 255 0 0, 0x4087cdd8
Neopixel ID: 10 in pointer 0x4087cd[37md[37m8: 255 0 0, 0x4087cde8
Neopixel ID: 11 in pointer 0x4087cde8: [37m2[37m55 0 0, 0x4087cd38
Buffer: 0xff0000ff0000ff0000ff0000ff0000ff0[37m0[37m00ff0000ff0000ff0000ff0000ff0000ff0000
Initializing Neopixel D[37mr[37miver
[0;32mI (388) gpio: GPIO[14]| InputEn: 0| OutputEn: 1| O[37mp[37menDrain: 0| Pullup: 0| Pulldown: 0| Intr:0 [0m
Driver Initial[37mi[37mzed
Writing to Neopixel Ring
[37mD[37mone
[0;32mI (1498) main_task: Returned from app_main()[0m
[37mE[37mSP-ROM:esp32c6-20220919
B[37mu[37mild:Sep 19 2022
rst:0x1 (POWERON),boot:0xc (SPI_FAST_FLASH_BOO[37mT[37m)
SPIWP:0xee
mode:DIO, clock div:2
load:0x4086c410,len:0xd4c[37m[37m
load:0x4086e610,len:0x2dd4
load:0x40875728,len:0x17d0
entry [37m0[37mx4086c410
[0;32mI (23) boot: ESP-IDF 5.1.2 2nd stage bootload[37me[37mr[0m
[0;32mI (24) boot: compile time Sep  9 2024 14:47:03[0[37mm[37m
[0;32mI (24) boot: chip revision: v0.0[0m
[0;32mI (26) bo[37mo[37mt.esp32c6: SPI Speed      : 80MHz[0m
[0;32mI (31) boot.esp32[37mc[37m6: SPI Mode       : DIO[0m
[0;32mI (36) boot.esp32c6: SPI Fl[37ma[37msh Size : 4MB[0m
[0;32mI (41) boot: Enabling RNG early entro[37mp[37my source...[0m
[0;32mI (46) boot: Partition Table:[0m
[0;[37m3[37m2mI (49) boot: ## Label            Usage          Type ST Offse[37mt[37m   Length[0m
[0;32mI (57) boot:  0 nvs              WiFi dat[37ma[37m        01 02 00009000 00006000[0m
[0;32mI (64) boot:  1 phy[37m_[37minit         RF data          01 01 0000f000 00001000[0m
[0;[37m3[37m2mI (72) boot:  2 factory          factory app      00 00 00010[37m0[37m00 00100000[0m
[0;32mI (79) boot: End of partition table[0m[37m[37m
[0;32mI (83) esp_image: segment 0: paddr=00010020 vaddr=42010[37m0[37m20 size=079e0h ( 31200) map[0m
[0;32mI (98) esp_image: segme[37mn[37mt 1: paddr=00017a08 vaddr=40800000 size=08610h ( 34320) load[0[37mm[37m
[0;32mI (108) esp_image: segment 2: paddr=00020020 vaddr=420[37m0[37m0020 size=0e270h ( 57968) map[0m
[0;32mI (121) esp_image: se[37mg[37mment 3: paddr=0002e298 vaddr=40808610 size=010c8h (  4296) load[37m[37m[0m
[0;32mI (123) esp_image: segment 4: paddr=0002f368 vaddr=[37m4[37m08096e0 size=01090h (  4240) load[0m
[0;32mI (130) boot: Loa[37md[37med app from partition at offset 0x10000[0m
[0;32mI (133) boo[37mt[37m: Disabling RNG early entropy source...[0m
[0;32mI (149) cpu[37m_[37mstart: Unicore app[0m
[0;32mI (150) cpu_start: Pro cpu up.[[37m0[37mm
[37m[37m[0;33mW (164) clk: esp_perip_clk_init() has not been implemente[37md[37m yet[0m
[0;32mI (170) cpu_start: Pro cpu start user code[0m[37m[37m
[0;32mI (170) cpu_start: cpu freq: 160000000 Hz[0m
[0;32mI[37m [37m(171) cpu_start: Application information:[0m
[0;32mI (173) c[37mp[37mu_start: Project name:     neoring[0m
[0;32mI (178) cpu_star[37mt[37m: App version:      1[0m
[0;32mI (183) cpu_start: Compile ti[37mm[37me:     Sep  9 2024 14:47:06[0m
[0;32mI (189) cpu_start: ELF [37mf[37mile SHA256:  c2e386b191d36301...[0m
[0;32mI (195) cpu_start:[37m [37mESP-IDF:          5.1.2[0m
[0;32mI (199) cpu_start: Min chip[37m [37mrev:     v0.0[0m
[0;32mI (204) cpu_start: Max chip rev:     [37mv[37m0.99 [0m
[0;32mI (209) cpu_start: Chip rev:         v0.0[0m[37m[37m
[0;32mI (214) heap_init: Initializing. RAM available for dyna[37mm[37mic allocation:[0m
[0;32mI (221) heap_init: At 4080B620 len 0[37m0[37m070FF0 (451 KiB): D/IRAM[0m
[0;32mI (227) heap_init: At 4087[37mC[37m610 len 00002F54 (11 KiB): STACK/DIRAM[0m
[0;32mI (234) heap[37m_[37minit: At 50000000 len 00003FE8 (15 KiB): RTCRAM[0m
[0;32mI ([37m2[37m41) spi_flash: detected chip: generic[0m
[0;32mI (245) spi_f[37ml[37mash: flash io: dio[0m
[0;32mI (249) sleep: Configure to isol[37ma[37mte all GPIO pins in sleep state[0m
[0;32mI (256) sleep: Enab[37ml[37me automatic switching of GPIO sleep configuration[0m
[0;32mI[37m [37m(263) coexist: coex firmware version: b6d5e8c[0m
[0;32mI (26[37m8[37m) coexist: coexist rom version 5b8dcfa[0m
[0;32mI (273) app_[37ms[37mtart: Starting scheduler on CPU0[0m
[0;32mI (278) main_task:[37m [37mStarted on CPU0[0m
[0;32mI (278) main_task: Calling app_main[37m([37m)[0m
Neopixel ID: 0 in pointer 0x4087cd38: 255 0 0, 0x4087cd4[37m8[37m
Neopixel ID: 1 in pointer 0x4087cd48: 255 0 0, 0x4087cd58
Ne[37mo[37mpixel ID: 2 in pointer 0x4087cd58: 255 0 0, 0x4087cd68
Neopixe[37ml[37m ID: 3 in pointer 0x4087cd68: 255 0 0, 0x4087cd78
[37mN[37meopixel ID: 4 in pointer 0x4087cd78: 255 0 0, 0x4087cd88
Neopi[37mx[37mel ID: 5 in pointer 0x4087cd88: 255 0 0, 0x4087cd98
Neopixel I[37mD[37m: 6 in pointer 0x4087cd98: 255 0 0, 0x4087cda8
Neopixel ID: 7 [37mi[37mn pointer 0x4087cda8: 255 0 0, 0x4087cdb8
Neopixel ID: 8 in po[37mi[37mnter 0x4087cdb8: 255 0 0, 0x4087cdc8
Neopixel ID: 9 in pointer[37m [37m0x4087cdc8: 255 0 0, 0x4087cdd8
Neopixel ID: 10 in pointer 0x4[37m0[37m87cdd8: 255 0 0, 0x4087cde8
Neopixel ID: 11 in pointer 0x4087c[37md[37me8: 255 0 0, 0x4087cd38
Buffer: 0xff0000ff0000ff0000ff0000ff00[37m0[37m0ff0000ff0000ff0000ff0000ff0000ff0000ff0000
Initializing Neopi[37mx[37mel Driver
[0;32mI (388) gpio: GPIO[14]| InputEn: 0| OutputEn:[37m [37m1| OpenDrain: 0| Pullup: 0| Pulldown: 0| Intr:0 [0m
Driver In[37mi[37mtialized
Writing to Neopixel Ring
[37mD[37mone
[0;32mI (1498) main_task: Returned from app_main()[0m
