[37mE[37mSP-ROM:esp32c6-20220919
B[37mu[37mild:Sep 19 2022
rst:0x1 (POWERON),boot:0xc (SPI_FAST_FLASH_BOO[37mT[37m)
SPIWP:0xee
mode:DIO, clock div:2
load:0x4086c410,len:0xd4c[37m[37m
load:0x4086e610,len:0x2dd4
load:0x40875728,len:0x17d0
entry [37m0[37mx4086c410
[0;32mI (23) boot: ESP-IDF 5.1.2 2nd stage bootload[37me[37mr[0m
[0;32mI (24) boot: compile time Sep  9 2024 14:47:03[0[37mm[37m
[0;32mI (24) boot: chip revision: v0.0[0m
[0;32mI (26) bo[37mo[37mt.esp32c6: SPI Speed      : 80MHz[0m
[0;32mI (31) boot.esp32[37mc[37m6: SPI Mode       : DIO[0m
[0;32mI (36) boot.esp32c6: SPI Fl[37ma[37msh Size : 4MB[0m
[0;32mI (41) boot: Enabling RNG early entro[37mp[37my source...[0m
[0;32mI (46) boot: Partition Table:[0m
[0;[37m3[37m2mI (49) boot: ## Label            Usage          Type ST Offse[37mt[37m   Length[0m
[0;32mI (57) boot:  0 nvs              WiFi dat[37ma[37m        01 02 00009000 00006000[0m
[0;32mI (64) boot:  1 phy[37m_[37minit         RF data          01 01 0000f000 00001000[0m
[0;[37m3[37m2mI (72) boot:  2 factory          factory app      00 00 00010[37m0[37m00 00100000[0m
[0;32mI (79) boot: End of partition table[0m[37m[37m
[0;32mI (83) esp_image: segment 0: paddr=00010020 vaddr=42010[37m0[37m20 size=08578h ( 34168) map[0m
[0;32mI (99) esp_image: segme[37mn[37mt 1: paddr=000185a0 vaddr=40800000 size=07a78h ( 31352) load[0[37mm[37m
[0;32mI (107) esp_image: segment 2: paddr=00020020 vaddr=420[37m0[37m0020 size=0fea0h ( 65184) map[0m
[37m[37m[0;32mI (122) esp_image: segment 3: paddr=0002fec8 vaddr=40807a[37m7[37m8 size=026f0h (  9968) load[0m
[0;32mI (125) esp_image: segm[37me[37mnt 4: paddr=000325c0 vaddr=4080a170 size=010d8h (  4312) load[[37m0[37mm
[0;32mI (131) boot: Loaded app from partition at offset 0x1[37m0[37m000[0m
[0;32mI (134) boot: Disabling RNG early entropy sourc[37me[37m...[0m
[0;32mI (151) cpu_start: Unicore app[0m
[0;32mI (1[37m5[37m1) cpu_start: Pro cpu up.[0m
[0;33mW (160) clk: esp_perip_cl[37mk[37m_init() has not been implemented yet[0m
[0;32mI (166) cpu_st[37ma[37mrt: Pro cpu start user code[0m
[0;32mI (167) cpu_start: cpu [37mf[37mreq: 160000000 Hz[0m
[0;32mI (167) cpu_start: Application in[37mf[37mormation:[0m
[0;32mI (169) cpu_start: Project name:     neor[37mi[37mng[0m
[0;32mI (174) cpu_start: App version:      1[0m
[0;[37m3[37m2mI (179) cpu_start: Compile time:     Sep  9 2024 14:47:06[0m[37m[37m
[0;32mI (185) cpu_start: ELF file SHA256:  72b5944615f67aba..[37m.[37m[0m
[0;32mI (191) cpu_start: ESP-IDF:          5.1.2[0m
[[37m0[37m;32mI (196) cpu_start: Min chip rev:     v0.0[0m
[0;32mI (20[37m0[37m) cpu_start: Max chip rev:     v0.99 [0m
[0;32mI (205) cpu_s[37mt[37mart: Chip rev:         v0.0[0m
[0;32mI (210) heap_init: Init[37mi[37malizing. RAM available for dynamic allocation:[0m
[0;32mI (2[37m1[37m7) heap_init: At 4080C110 len 00070500 (449 KiB): D/IRAM[0m
[37m[[37m0;32mI (224) heap_init: At 4087C610 len 00002F54 (11 KiB): STAC[37mK[37m/DIRAM[0m
[0;32mI (230) heap_init: At 50000000 len 00003FE8 [37m([37m15 KiB): RTCRAM[0m
[0;32mI (237) spi_flash: detected chip: g[37me[37mneric[0m
[0;32mI (241) spi_flash: flash io: dio[0m
[0;32m[37mI[37m (245) sleep: Configure to isolate all GPIO pins in sleep state[37m[37m[0m
[0;32mI (252) sleep: Enable automatic switching of GPIO s[37ml[37meep configuration[0m
[0;32mI (259) coexist: coex firmware ve[37mr[37msion: b6d5e8c[0m
[0;32mI (264) coexist: coexist rom version [37m5[37mb8dcfa[0m
[0;32mI (270) app_start: Starting scheduler on CPU[37m0[37m[0m
[0;32mI (274) main_task: Started on CPU0[0m
[0;32mI ([37m2[37m74) main_task: Calling app_main()[0m
Neopixel ID: 0 in pointe[37mr[37m 0x4087cd38: 100 0 0, 0x4087cd48
Neopixel ID: 1 in pointer 0x4[37m0[37m87cd48: 100 0 0, 0x4087cd58
Neopixel ID: 2 in pointer 0x4087cd[37m5[37m8: 100 0 0, 0x4087cd68
Neopixel ID: 3 in pointer 0x4087cd68: 1[37m0[37m0 0 0, 0x4087cd78
Neopixel ID: 4 in pointer 0x4087cd78: 100 0 [37m0[37m, 0x4087cd88
Neopixel ID: 5 in pointer 0x4087cd88: 100 0 0, 0x[37m4[37m087cd98
Neopixel ID: 6 in pointer 0x4087cd98: 100 0 0, 0x4087c[37md[37ma8
Neopixel ID: 7 in pointer 0x4087cda8: 100 0 0, 0x4087cdb8
[37mN[37meopixel ID: 8 in pointer 0x4087cdb8: 100 0 0, 0x4087cdc8
Neopi[37mx[37mel ID: 9 in pointer 0x4087cdc8: 100 0 0, 0x4087cdd8
Neopixel I[37mD[37m: 10 in pointer 0x4087cdd8: 100 0 0, 0x4087cde8
Neopixel ID: 1[37m1[37m in pointer 0x4087cde8: 100 0 0, 0x4087cd38
Buffer: 0x64000064[37m0[37m000640000640000640000640000640000640000640000640000640000640000[37m[37m
Initializing Neopixel Driver
[0;32mI (354) gpio: GPIO[14]| I[37mn[37mputEn: 0| OutputEn: 1| OpenDrain: 0| Pullup: 0| Pulldown: 0| In[37mt[37mr:0 [0m
Driver Initialized
Writing to Neopixel Ring
[0;32m[37mI[37m (364) gpio: GPIO[14]| InputEn: 0| OutputEn: 1| OpenDrain: 0| P[37mu[37mllup: 1| Pulldown: 0| Intr:0 [0m
[0;31mE (374) rmt: rmt_tran[37ms[37mmit(474): invalid argument[0m
[0;32mI (374) gpio: GPIO[14]| [37mI[37mnputEn: 0| OutputEn: 0| OpenDrain: 0| Pullup: 1| Pulldown: 0| I[37mn[37mtr:0 [0m

Done
[0;32mI (384) main_task: Returned from app_[37mm[37main()[0m
