[37m0[37m000000 0x00000000 0x00000001 0x00000000 0x00000000 0x00000000 0[37mx[37m4200d3d8
408115d0: 0x00000000 0x00000000 0x00000000 0x00000000[37m [37m0x00000000 0x00000000 0x00000000 0x00000000
408115f0: 0x000000[37m0[37m0 0x00000000 0x00000000 0x00000000 0x00000000 0x00000000 0x0000[37m0[37m000 0x00000000
40811610: 0x00000000 0x00000000 0x00000000 0x00[37m0[37m00000 0x00000000 0x00000000 0x00000000 0x00000000
40811630: 0x[37m0[37m0000000 0x00000000 0x00000000 0x00000000 0x00000000 0x00000000 [37m0[37mx00000000 0x00000000
40811650: 0x00000000 0x00000000 0x0000000[37m0[37m 0x00000000 0x00000000 0x00000000 0x00000000 0x00000000
408116[37m7[37m0: 0x00000000 0x00000000 0x00000000 0x00000000 0x00000000 0x000[37m0[37m0000 0x00000000 0x00000000
40811690: 0x00000000 0x00000000 0x0[37m0[37m000000 0x00000600 0xa5a5a5a5 0xa5a5a5a5 0xa5a5a5a5 0xa5a5a5a5
[37m4[37m08116b0: 0xa5a5a5a5 0xa5a5a5a5 0xa5a5a5a5 0xa5a5a5a5 0xa5a5a5a5[37m [37m0xa5a5a5a5 0xa5a5a5a5 0xa5a5a5a5
408116d0: 0xa5a5a5a5 0xa5a5a5[37ma[37m5 0xa5a5a5a5 0xa5a5a5a5 0xa5a5a5a5 0xa5a5a5a5 0xa5a5a5a5 0xa5a5[37ma[37m5a5
408116f0: 0xa5a5a5a5 0xa5a5a5a5 0xa5a5a5a5 0xa5a5a5a5 0xa5[37ma[37m5a5a5 0xa5a5a5a5 0xa5a5a5a5 0xa5a5a5a5
40811710: 0xa5a5a5a5 0x[37ma[37m5a5a5a5 0xa5a5a5a5 0xa5a5a5a5 0xa5a5a5a5 0xa5a5a5a5 0xa5a5a5a5 [37m0[37mxa5a5a5a5
40811730: 0xa5a5a5a5 0xa5a5a5a5 0xa5a5a5a5 0xa5a5a5a[37m5[37m 0xa5a5a5a5 0xa5a5a5a5 0xa5a5a5a5 0xa5a5a5a5
40811750: 0xa5a5a[37m5[37ma5 0xa5a5a5a5 0xa5a5a5a5 0xa5a5a5a5 0xa5a5a5a5 0xa5a5a5a5 0xa5a[37m5[37ma5a5 0xa5a5a5a5
40811770: 0xa5a5a5a5 0xa5a5a5a5 0xa5a5a5a5 0xa[37m5[37ma5a5a5 0xa5a5a5a5 0xa5a5a5a5 0xa5a5a5a5 0xa5a5a5a5
40811790: 0[37mx[37ma5a5a5a5 0xa5a5a5a5 0xa5a5a5a5 0xa5a5a5a5 0xa5a5a5a5 0xa5a5a5a5[37m [37m0xa5a5a5a5 0xa5a5a5a5
408117b0: 0xa5a5a5a5 0xa5a5a5a5 0xa5a5a5[37ma[37m5 0xa5a5a5a5 0xa5a5a5a5 0xa5a5a5a5 0xa5a5a5a5 0xa5a5a5a5
40811[37m7[37md0: 0xa5a5a5a5 0xa5a5a5a5 0xa5a5a5a5 0xa5a5a5a5 0xa5a5a5a5 0xa5[37ma[37m5a5a5 0xa5a5a5a5 0xa5a5a5a5
408117f0: 0xa5a5a5a5 0xa5a5a5a5 0x[37ma[37m5a5a5a5 0xa5a5a5a5 0xa5a5a5a5 0xa5a5a5a5 0xa5a5a5a5 0xa5a5a5a5[37m
[37m40811810: 0xa5a5a5a5 0xa5a5a5a5 0xa5a5a5a5 0xa5a5a5a5 0xa5a5a5a[37m5[37m 0xa5a5a5a5 0xa5a5a5a5 0xa5a5a5a5
40811830: 0xa5a5a5a5 0xa5a5a[37m5[37ma5 0xa5a5a5a5 0xa5a5a5a5 0xa5a5a5a5 0xa5a5a5a5 0xa5a5a5a5 0xa5a[37m5[37ma5a5
40811850: 0xa5a5a5a5 0xa5a5a5a5 0xa5a5a5a5 0xa5a5a5a5 0xa[37m5[37ma5a5a5 0xa5a5a5a5 0xa5a5a5a5 0xa5a5a5a5
40811870: 0xa5a5a5a5 0[37mx[37ma5a5a5a5 0xa5a5a5a5 0xa5a5a5a5 0xa5a5a5a5 0xa5a5a5a5 0xa5a5a5a5[37m [37m0xa5a5a5a5



ELF file SHA256: 0000000000000000

Rebootin[37mg[37m...
E[37mS[37mP-ROM:esp32c6-20220919
Build:Sep 19 2022
rst:0xc (SW_CPU),boo[37mt[37m:0xc (SPI_FAST_FLASH_BOOT)
Saved PC:0x4001975a
SPIWP:0xee
mo[37md[37me:DIO, clock div:2
load:0x4086c110,len:0xe2c
load:0x4086e610,[37ml[37men:0x2e70
load:0x40875720,len:0x1804
entry 0x4086c110
[0;32[37mm[37mI (26) boot: ESP-IDF 5.3.0 2nd stage bootloader[0m
[0;32mI ([37m2[37m7) boot: compile time Sep 10 2024 10:46:32[0m
[0;32mI (28) b[37mo[37mot: chip revision: v0.0[0m
[0;32mI (30) boot.esp32c6: SPI Sp[37me[37med      : 80MHz[0m
[0;32mI (34) boot.esp32c6: SPI Mode      [37m [37m: DIO[0m
[0;32mI (39) boot.esp32c6: SPI Flash Size : 4MB[0m[37m[37m
[0;32mI (44) boot: Enabling RNG early entropy source...[0m
[37m[37m[0;32mI (49) boot: Partition Table:[0m
[0;32mI (53) boot: ##[37m [37mLabel            Usage          Type ST Offset   Length[0m
[[37m0[37m;32mI (60) boot:  0 nvs              WiFi data        01 02 000[37m0[37m9000 00006000[0m
[0;32mI (68) boot:  1 phy_init         RF d[37ma[37mta          01 01 0000f000 00001000[0m
[0;32mI (75) boot:  2[37m [37mfactory          factory app      00 00 00010000 00100000[0m
[37m[37m[0;32mI (83) boot: End of partition table[0m
[0;32mI (87) es[37mp[37m_image: segment 0: paddr=00010020 vaddr=40800000 size=0b90ch ( [37m4[37m7372) load[0m
[37m[37m[0;32mI (117) esp_image: segment 1: paddr=0001b934 vaddr=4080b9[37m1[37m0 size=01ae0h (  6880) load[0m
[0;32mI (122) esp_image: segm[37me[37mnt 2: paddr=0001d41c vaddr=00000000 size=0abfch ( 44028) [0m
[37m[37m[0;32mI (141) esp_image: segment 3: paddr=00028020 vaddr=420180[37m2[37m0 size=09ae4h ( 39652) map[0m
[37m[37m[0;32mI (159) esp_image: segment 4: paddr=00031b0c vaddr=000000[37m0[37m0 size=0e50ch ( 58636) [0m
[37m[37m[0;32mI (184) esp_image: segment 5: paddr=00040020 vaddr=420000[37m2[37m0 size=1394ch ( 80204) map[0m
[37m[37m[0;32mI (224) boot: Loaded app from partition at offset 0x10000[37m[37m[0m
[0;32mI (225) boot: Disabling RNG early entropy source...[37m[37m[0m
[0;32mI (236) cpu_start: Unicore app[0m
[37m[37m[0;32mI (245) cpu_start: Pro cpu start user code[0m
[0;32mI [37m([37m246) cpu_start: cpu freq: 160000000 Hz[0m
[0;32mI (246) app_[37mi[37mnit: Application information:[0m
[0;32mI (248) app_init: Pro[37mj[37mect name:     neoring[0m
[0;32mI (253) app_init: App version[37m:[37m      1[0m
[0;32mI (258) app_init: Compile time:     Sep 10 [37m2[37m024 10:46:34[0m
[0;32mI (264) app_init: ELF file SHA256:  00[37m0[37m0000000000000...[0m
[0;32mI (270) app_init: ESP-IDF:        [37m [37m 5.3.0[0m
[0;32mI (274) efuse_init: Min chip rev:     v0.0[[37m0[37mm
[0;32mI (279) efuse_init: Max chip rev:     v0.99 [0m
[0[37m;[37m32mI (284) efuse_init: Chip rev:         v0.0[0m
[0;32mI (28[37m9[37m) heap_init: Initializing. RAM available for dynamic allocation[37m:[37m[0m
[0;32mI (296) heap_init: At 4080E360 len 0006E2B0 (440 K[37mi[37mB): RAM[0m
[0;32mI (302) heap_init: At 4087C610 len 00002F54[37m [37m(11 KiB): RAM[0m
[0;32mI (308) heap_init: At 50000000 len 00[37m0[37m03FE8 (15 KiB): RTCRAM[0m
[0;32mI (315) spi_flash: detected [37mc[37mhip: generic[0m
[0;32mI (319) spi_flash: flash io: dio[0m
[37m[37m[0;32mI (323) sleep: Configure to isolate all GPIO pins in slee[37mp[37m state[0m
[0;32mI (330) sleep: Enable automatic switching of[37m [37mGPIO sleep configuration[0m
[0;32mI (337) coexist: coex firm[37mw[37mare version: dab85ae96[0m
[37m[37m[0;32mI (365) coexist: coexist rom version 5b8dcfa[0m
[0;32m[37mI[37m (365) main_task: Started on CPU0[0m
[0;32mI (365) main_task[37m:[37m Calling app_main()[0m
[0;32mI (365) Neopixel: RMT RX Channe[37ml[37m[0m
[0;32mI (365) gpio: GPIO[14]| InputEn: 0| OutputEn: 1| O[37mp[37menDrain: 0| Pullup: 1| Pulldown: 0| Intr:0 [0m
[0;32mI (375)[37m [37mNeopixel: RMT TX Callback Encoder[0m
[0;32mI (375) Neopixel:[37m [37mEnabling RMT TX Channel[0m
[0;32mI (385) Neopixel: Sending D[37ma[37mta[0m
Initializing Neopixel Driver
[0;32mI (395) gpio: GPIO[37m[[37m14]| InputEn: 0| OutputEn: 1| OpenDrain: 0| Pullup: 0| Pulldown[37m:[37m 0| Intr:0 [0m
Driver Initialized
Neopixel ID: 0 in pointer [37m0[37mx4081232c: 100 0 0, 0x4081233c
Neopixel ID: 1 in pointer 0x408[37m1[37m233c: 100 0 0, 0x4081234c
Neopixel ID: 2 in pointer 0x4081234c[37m:[37m 100 0 0, 0x4081235c
Neopixel ID: 3 in pointer 0x4081235c: 100[37m [37m0 0, 0x4081236c
Neopixel ID: 4 in pointer 0x4081236c: 100 0 0,[37m [37m0x4081237c
Neopixel ID: 5 in pointer 0x4081237c: 100 0 0, 0x40[37m8[37m1238c
Neopixel ID: 6 in pointer 0x4081238c: 100 0 0, 0x4081239[37mc[37m
Neopixel ID: 7 in pointer 0x4081239c: 100 0 0, 0x408123ac
Ne[37mo[37mpixel ID: 8 in pointer 0x408123ac: 100 0 0, 0x408123bc
Neopixe[37ml[37m ID: 9 in pointer 0x408123bc: 100 0 0, 0x408123cc
Neopixel ID:[37m [37m10 in pointer 0x408123cc: 100 0 0, 0x408123dc
Neopixel ID: 11 [37mi[37mn pointer 0x408123dc: 100 0 0, 0x4081232c
G[37mu[37mru Meditation Error: Core  0 panic'ed (Load access fault). Exce[37mp[37mtion was unhandled.

Core  0 register dump:
MEPC    : 0x4200[37m0[37m210  RA      : 0x420001f8  SP      : 0x40811490  GP      : 0x40[37m8[37m0c114  
TP      : 0x40811540  T0      : 0x40028192  T1      : [37m0[37mx408110ec  T2      : 0x00000000  
S0/FP   : 0x00000000  S1    [37m [37m : 0x00000000  A0      : 0x0000000a  A1      : 0x00000000  
A2[37m [37m     : 0x00000000  A3      : 0x00000001  A4      : 0x00000001  [37mA[37m5      : 0x00000002  
A6      : 0x3fe00000  A7      : 0x000000[37m0[37ma  S2      : 0x00000000  S3      : 0x00000000  
S4      : 0x00[37m0[37m00000  S5      : 0x00000000  S6      : 0x00000000  S7      : 0x[37m0[37m0000000  
S8      : 0x00000000  S9      : 0x00000000  S10     [37m:[37m 0x00000000  S11     : 0x00000000  
T3      : 0x00000000  T4  [37m [37m   : 0x00000000  T5      : 0x00000000  T6      : 0x00000000  
[37mM[37mSTATUS : 0x00001881  MTVEC   : 0x40800001  MCAUSE  : 0x00000005[37m [37m MTVAL   : 0x00000002  
MHARTID : 0x00000000  

Stack memory[37m:[37m
40811490: 0x00000000 0x00000000 0x4081232c 0x4200040c 0x00000[37m0[37m00 0x00000000 0x00000000 0x00000000
408114b0: 0x42000020 0x000[37m0[37m0000 0x00000000 0x408121f8 0x0000000e 0x00000004 0x00989680 0x0[37m0[37m000040
408114d0: 0x00000004 0x00000000 0x00000000 0x40811ef0 0[37mx[37m4201c3bc 0x0000016d 0x4201c000 0x42013476
408114f0: 0x00000000[37m [37m0x00001388 0x00000001 0x00000000 0x00000000 0x00000000 0x000000[37m0[37m0 0x40806c92
40811510: 0x00000000 0x00000000 0x00000000 0x0000[37m0[37m000 0x00000000 0x00000000 0x00000000 0x00000000
40811530: 0x00[37m0[37m00000 0xa5a5a5a5 0xa5a5a5a5 0xa5a5a5a5 0xa5a5a5a5 0xa5a5a5a5 0x[37m0[37m0000150 0x40810e80
40811550: 0x00000000 0x4080d59c 0x4080d59c [37m0[37mx4081154c 0x4080d594 0x00000018 0x00000000 0x00000000
40811570[37m:[37m 0x4081154c 0x00000000 0x00000001 0x40810548 0x6e69616d 0x00000[37m0[37m00 0x00000000 0x00000000
40811590: 0x40811540 0x00000001 0x000[37m0[37m0000 0x00000000 0x00000000 0x00000000 0x4080ee5c 0x4080eec4
40[37m8[37m115b0: 0x4080ef2c 0x00000000 0x00000000 0x00000001 0x00000000 0[37mx[37m00000000 0x00000000 0x4200d3d8
408115d0: 0x00000000 0x00000000[37m [37m0x00000000 0x00000000 0x00000000 0x00000000 0x00000000 0x000000[37m0[37m0
408115f0: 0x00000000 0x00000000 0x00000000 0x00000000 0x0000[37m0[37m000 0x00000000 0x00000000 0x00000000
40811610: 0x00000000 0x00[37m0[37m00000 0x00000000 0x00000000 0x00000000 0x00000000 0x00000000 0x[37m0[37m0000000
40811630: 0x00000000 0x00000000 0x00000000 0x00000000 [37m0[37mx00000000 0x00000000 0x00000000 0x00000000
40811650: 0x0000000[37m0[37m 0x00000000 0x00000000 0x00000000 0x00000000 0x00000000 0x00000[37m0[37m00 0x00000000
40811670: 0x00000000 0x00000000 0x00000000 0x000[37m0[37m0000 0x00000000 0x00000000 0x00000000 0x00000000
40811690: 0x0[37m0[37m000000 0x00000000 0x00000000 0x00000600 0xa5a5a5a5 0xa5a5a5a5 0[37mx[37ma5a5a5a5 0xa5a5a5a5
408116b0: 0xa5a5a5a5 0xa5a5a5a5 0xa5a5a5a5[37m [37m0xa5a5a5a5 0xa5a5a5a5 0xa5a5a5a5 0xa5a5a5a5 0xa5a5a5a5
408116d[37m0[37m: 0xa5a5a5a5 0xa5a5a5a5 0xa5a5a5a5 0xa5a5a5a5 0xa5a5a5a5 0xa5a5[37ma[37m5a5 0xa5a5a5a5 0xa5a5a5a5
408116f0: 0xa5a5a5a5 0xa5a5a5a5 0xa5[37ma[37m5a5a5 0xa5a5a5a5 0xa5a5a5a5 0xa5a5a5a5 0xa5a5a5a5 0xa5a5a5a5
4[37m0[37m811710: 0xa5a5a5a5 0xa5a5a5a5 0xa5a5a5a5 0xa5a5a5a5 0xa5a5a5a5 [37m0[37mxa5a5a5a5 0xa5a5a5a5 0xa5a5a5a5
40811730: 0xa5a5a5a5 0xa5a5a5a[37m5[37m 0xa5a5a5a5 0xa5a5a5a5 0xa5a5a5a5 0xa5a5a5a5 0xa5a5a5a5 0xa5a5a[37m5[37ma5
40811750: 0xa5a5a5a5 0xa5a5a5a5 0xa5a5a5a5 0xa5a5a5a5 0xa5a