[37mE[37mSP-ROM:esp32c6-20220919
B[37mu[37mild:Sep 19 2022
rst:0x1 (POWERON),boot:0xc (SPI_FAST_FLASH_BOO[37mT[37m)
SPIWP:0xee
mode:DIO, clock div:2
load:0x4086c410,len:0xd4c[37m[37m
load:0x4086e610,len:0x2dd4
load:0x40875728,len:0x17d0
entry [37m0[37mx4086c410
[0;32mI (23) boot: ESP-IDF 5.1.2 2nd stage bootload[37me[37mr[0m
[0;32mI (24) boot: compile time Sep  9 2024 14:47:03[0[37mm[37m
[0;32mI (24) boot: chip revision: v0.0[0m
[0;32mI (26) bo[37mo[37mt.esp32c6: SPI Speed      : 80MHz[0m
[0;32mI (31) boot.esp32[37mc[37m6: SPI Mode       : DIO[0m
[0;32mI (36) boot.esp32c6: SPI Fl[37ma[37msh Size : 4MB[0m
[0;32mI (41) boot: Enabling RNG early entro[37mp[37my source...[0m
[0;32mI (46) boot: Partition Table:[0m
[0;[37m3[37m2mI (49) boot: ## Label            Usage          Type ST Offse[37mt[37m   Length[0m
[0;32mI (57) boot:  0 nvs              WiFi dat[37ma[37m        01 02 00009000 00006000[0m
[0;32mI (64) boot:  1 phy[37m_[37minit         RF data          01 01 0000f000 00001000[0m
[0;[37m3[37m2mI (72) boot:  2 factory          factory app      00 00 00010[37m0[37m00 00100000[0m
[0;32mI (79) boot: End of partition table[0m[37m[37m
[0;32mI (83) esp_image: segment 0: paddr=00010020 vaddr=42010[37m0[37m20 size=075f8h ( 30200) map[0m
[0;32mI (98) esp_image: segme[37mn[37mt 1: paddr=00017620 vaddr=40800000 size=089f8h ( 35320) load[0[37mm[37m
[0;32mI (108) esp_image: segment 2: paddr=00020020 vaddr=420[37m0[37m0020 size=0d2e8h ( 53992) map[0m
[0;32mI (120) esp_image: se[37mg[37mment 3: paddr=0002d310 vaddr=408089f8 size=00cdch (  3292) load[37m[37m[0m
[0;32mI (122) esp_image: segment 4: paddr=0002dff4 vaddr=[37m4[37m08096e0 size=01068h (  4200) load[0m
[0;32mI (129) boot: Loa[37md[37med app from partition at offset 0x10000[0m
[0;32mI (132) boo[37mt[37m: Disabling RNG early entropy source...[0m
[0;32mI (149) cpu[37m_[37mstart: Unicore app[0m
[0;32mI (149) cpu_start: Pro cpu up.[[37m0[37mm
[37m[37m[0;33mW (163) clk: esp_perip_clk_init() has not been implemente[37md[37m yet[0m
[0;32mI (170) cpu_start: Pro cpu start user code[0m[37m[37m
[0;32mI (170) cpu_start: cpu freq: 160000000 Hz[0m
[0;32mI[37m [37m(170) cpu_start: Application information:[0m
[0;32mI (173) c[37mp[37mu_start: Project name:     neoring[0m
[0;32mI (178) cpu_star[37mt[37m: App version:      1[0m
[0;32mI (182) cpu_start: Compile ti[37mm[37me:     Sep  9 2024 14:47:06[0m
[0;32mI (188) cpu_start: ELF [37mf[37mile SHA256:  03abb1a7742211a7...[0m
[0;32mI (194) cpu_start:[37m [37mESP-IDF:          5.1.2[0m
[0;32mI (199) cpu_start: Min chip[37m [37mrev:     v0.0[0m
[0;32mI (204) cpu_start: Max chip rev:     [37mv[37m0.99 [0m
[0;32mI (208) cpu_start: Chip rev:         v0.0[0m[37m[37m
[0;32mI (213) heap_init: Initializing. RAM available for dyna[37mm[37mic allocation:[0m
[0;32mI (220) heap_init: At 4080B600 len 0[37m0[37m071010 (452 KiB): D/IRAM[0m
[0;32mI (227) heap_init: At 4087[37mC[37m610 len 00002F54 (11 KiB): STACK/DIRAM[0m
[0;32mI (233) heap[37m_[37minit: At 50000000 len 00003FE8 (15 KiB): RTCRAM[0m
[0;32mI ([37m2[37m41) spi_flash: detected chip: generic[0m
[0;32mI (244) spi_f[37ml[37mash: flash io: dio[0m
[0;32mI (249) sleep: Configure to isol[37ma[37mte all GPIO pins in sleep state[0m
[0;32mI (255) sleep: Enab[37ml[37me automatic switching of GPIO sleep configuration[0m
[0;32mI[37m [37m(262) coexist: coex firmware version: b6d5e8c[0m
[0;32mI (26[37m8[37m) coexist: coexist rom version 5b8dcfa[0m
[0;32mI (273) app_[37ms[37mtart: Starting scheduler on CPU0[0m
[0;32mI (277) main_task:[37m [37mStarted on CPU0[0m
[0;32mI (277) main_task: Calling app_main[37m([37m)[0m
Neopixel 0 in pointer 0x4087cd38: 0 0 0, 0x4087cd48
Neo[37mp[37mixel 1 in pointer 0x4087cd48: 0 0 0, 0x4087cd58
Neopixel 2 in [37mp[37mointer 0x4087cd58: 0 0 0, 0x4087cd68
Neopixel 3 in pointer 0x4[37m0[37m87cd68: 0 0 0, 0x4087cd78
Neopixel 4 in pointer 0x4087cd78: 0 [37m0[37m 0, 0x4087cd88
[37mN[37meopixel 5 in pointer 0x4087cd88: 0 0 0, 0x4087cd98
Neopixel 6 [37mi[37mn pointer 0x4087cd98: 0 0 0, 0x4087cda8
Neopixel 7 in pointer [37m0[37mx4087cda8: 0 0 0, 0x4087cdb8
Neopixel 8 in pointer 0x4087cdb8:[37m [37m0 0 0, 0x4087cdc8
Neopixel 9 in pointer 0x4087cdc8: 0 0 0, 0x4[37m0[37m87cdd8
Neopixel 10 in pointer 0x4087cdd8: 0 0 0, 0x4087cde8
N[37me[37mopixel 11 in pointer 0x4087cde8: 0 0 0, 0x4087cd38
[0;32mI (3[37m6[37m7) main_task: Returned from app_main()[0m
[37mE[37mSP-ROM:esp32c6-20220919
B[37mu[37mild:Sep 19 2022
rst:0x1 (POWERON),boot:0xc (SPI_FAST_FLASH_BOO[37mT[37m)
SPIWP:0xee
mode:DIO, clock div:2
load:0x4086c410,len:0xd4c[37m[37m
load:0x4086e610,len:0x2dd4
load:0x40875728,len:0x17d0
entry [37m0[37mx4086c410
[0;32mI (23) boot: ESP-IDF 5.1.2 2nd stage bootload[37me[37mr[0m
[0;32mI (24) boot: compile time Sep  9 2024 14:47:03[0[37mm[37m
[0;32mI (24) boot: chip revision: v0.0[0m
[0;32mI (26) bo[37mo[37mt.esp32c6: SPI Speed      : 80MHz[0m
[0;32mI (31) boot.esp32[37mc[37m6: SPI Mode       : DIO[0m
[0;32mI (36) boot.esp32c6: SPI Fl[37ma[37msh Size : 4MB[0m
[0;32mI (41) boot: Enabling RNG early entro[37mp[37my source...[0m
[0;32mI (46) boot: Partition Table:[0m
[0;[37m3[37m2mI (49) boot: ## Label            Usage          Type ST Offse[37mt[37m   Length[0m
[0;32mI (57) boot:  0 nvs              WiFi dat[37ma[37m        01 02 00009000 00006000[0m
[0;32mI (64) boot:  1 phy[37m_[37minit         RF data          01 01 0000f000 00001000[0m
[0;[37m3[37m2mI (72) boot:  2 factory          factory app      00 00 00010[37m0[37m00 00100000[0m
[0;32mI (79) boot: End of partition table[0m[37m[37m
[0;32mI (83) esp_image: segment 0: paddr=00010020 vaddr=42010[37m0[37m20 size=075f8h ( 30200) map[0m
[0;32mI (98) esp_image: segme[37mn[37mt 1: paddr=00017620 vaddr=40800000 size=089f8h ( 35320) load[0[37mm[37m
[0;32mI (108) esp_image: segment 2: paddr=00020020 vaddr=420[37m0[37m0020 size=0d2e8h ( 53992) map[0m
[0;32mI (120) esp_image: se[37mg[37mment 3: paddr=0002d310 vaddr=408089f8 size=00cdch (  3292) load[37m[37m[0m
[0;32mI (122) esp_image: segment 4: paddr=0002dff4 vaddr=[37m4[37m08096e0 size=01068h (  4200) load[0m
[0;32mI (129) boot: Loa[37md[37med app from partition at offset 0x10000[0m
[0;32mI (132) boo[37mt[37m: Disabling RNG early entropy source...[0m
[0;32mI (149) cpu[37m_[37mstart: Unicore app[0m
[0;32mI (149) cpu_start: Pro cpu up.[[37m0[37mm
[0;33mW (158) clk: esp_perip_clk_init() has not been implem[37me[37mnted yet[0m
[0;32mI (164) cpu_start: Pro cpu start user code[37m[37m[0m
[0;32mI (165) cpu_start: cpu freq: 160000000 Hz[0m
[0;[37m3[37m2mI (165) cpu_start: Application information:[0m
[0;32mI (16[37m8[37m) cpu_start: Project name:     neoring[0m
[0;32mI (173) cpu_[37ms[37mtart: App version:      1[0m
[0;32mI (177) cpu_start: Compil[37me[37m time:     Sep  9 2024 14:47:06[0m
[0;32mI (183) cpu_start: [37mE[37mLF file SHA256:  03abb1a7742211a7...[0m
[0;32mI (189) cpu_st[37ma[37mrt: ESP-IDF:          5.1.2[0m
[0;32mI (194) cpu_start: Min [37mc[37mhip rev:     v0.0[0m
[0;32mI (198) cpu_start: Max chip rev: [37m [37m   v0.99 [0m
[0;32mI (203) cpu_start: Chip rev:         v0.0[37m[37m[0m
[0;32mI (208) heap_init: Initializing. RAM available for [37md[37mynamic allocation:[0m
[0;32mI (215) heap_init: At 4080B600 l[37me[37mn 00071010 (452 KiB): D/IRAM[0m
[0;32mI (222) heap_init: At [37m4[37m087C610 len 00002F54 (11 KiB): STACK/DIRAM[0m
[0;32mI (228) [37mh[37meap_init: At 50000000 len 00003FE8 (15 KiB): RTCRAM[0m
[0;32[37mm[37mI (235) spi_flash: detected chip: generic[0m
[0;32mI (239) s[37mp[37mi_flash: flash io: dio[0m
[0;32mI (244) sleep: Configure to [37mi[37msolate all GPIO pins in sleep state[0m
[0;32mI (250) sleep: [37mE[37mnable automatic switching of GPIO sleep configuration[0m
[0;[37m3[37m2mI (257) coexist: coex firmware version: b6d5e8c[0m
[0;32mI[37m [37m(263) coexist: coexist rom version 5b8dcfa[0m
[0;32mI (268) [37ma[37mpp_start: Starting scheduler on CPU0[0m
[0;32mI (272) main_t[37ma[37msk: Started on CPU0[0m
[0;32mI (272) main_task: Calling app_[37mm[37main()[0m
Neopixel 0 in pointer 0x4087cd38: 0 0 0, 0x4087cd48[37m
[37mNeopixel 1 in pointer 0x4087cd48: 0 0 0, 0x4087cd58
Neopixel 2[37m [37min pointer 0x4087cd58: 0 0 0, 0x4087cd68
Neopixel 3 in pointer[37m [37m0x4087cd68: 0 0 0, 0x4087cd78
Neopixel 4 in pointer 0x4087cd78[37m:[37m 0 0 0, 0x4087cd88
Neopixel 5 in pointer 0x4087cd88: 0 0 0, 0x[37m4[37m087cd98
Neopixel 6 in pointer 0x4087cd98: 0 0 0, 0x4087cda8
N[37me[37mopixel 7 in pointer 0x4087cda8: 0 0 0, 0x4087cdb8
[37mN[37meopixel 8 in pointer 0x4087cdb8: 0 0 0, 0x4087cdc8
Neopixel 9 [37mi[37mn pointer 0x4087cdc8: 0 0 0, 0x4087cdd8
Neopixel 10 in pointer[37m [37m0x4087cdd8: 0 0 0, 0x4087cde8
Neopixel 11 in pointer 0x4087cde[37m8[37m: 0 0 0, 0x4087cd38
[0;32mI (362) main_task: Returned from ap[37mp[37m_main()[0m
