[37mE[37mSP-ROM:esp32c6-20220919
B[37mu[37mild:Sep 19 2022
rst:0x1 (POWERON),boot:0xc (SPI_FAST_FLASH_BOO[37mT[37m)
SPIWP:0xee
mode:DIO, clock div:2
load:0x4086c110,len:0xe2c[37m[37m
load:0x4086e610,len:0x2e70
load:0x40875720,len:0x1804
entry [37m0[37mx4086c110
[0;32mI (23) boot: ESP-IDF 5.3.0 2nd stage bootload[37me[37mr[0m
[0;32mI (24) boot: compile time Sep 10 2024 14:45:06[0[37mm[37m
[0;32mI (24) boot: chip revision: v0.0[0m
[0;32mI (26) bo[37mo[37mt.esp32c6: SPI Speed      : 80MHz[0m
[0;32mI (31) boot.esp32[37mc[37m6: SPI Mode       : DIO[0m
[0;32mI (36) boot.esp32c6: SPI Fl[37ma[37msh Size : 4MB[0m
[0;32mI (41) boot: Enabling RNG early entro[37mp[37my source...[0m
[0;32mI (46) boot: Partition Table:[0m
[0;[37m3[37m2mI (50) boot: ## Label            Usage          Type ST Offse[37mt[37m   Length[0m
[0;32mI (57) boot:  0 nvs              WiFi dat[37ma[37m        01 02 00009000 00006000[0m
[0;32mI (64) boot:  1 phy[37m_[37minit         RF data          01 01 0000f000 00001000[0m
[0;[37m3[37m2mI (72) boot:  2 factory          factory app      00 00 00010[37m0[37m00 00100000[0m
[0;32mI (79) boot: End of partition table[0m[37m[37m
[0;32mI (83) esp_image: segment 0: paddr=00010020 vaddr=40800[37m0[37m00 size=0b90ch ( 47372) load[0m
[0;32mI (103) esp_image: seg[37mm[37ment 1: paddr=0001b934 vaddr=4080b910 size=01ae0h (  6880) load[37m[[37m0m
[0;32mI (106) esp_image: segment 2: paddr=0001d41c vaddr=0[37m0[37m000000 size=0abfch ( 44028) [0m
[0;32mI (118) esp_image: seg[37mm[37ment 3: paddr=00028020 vaddr=42018020 size=09b64h ( 39780) map[[37m0[37mm
[0;32mI (127) esp_image: segment 4: paddr=00031b8c vaddr=00[37m0[37m00000 size=0e48ch ( 58508) [0m
[37m[37m[0;32mI (140) esp_image: segment 5: paddr=00040020 vaddr=420000[37m2[37m0 size=139b4h ( 80308) map[0m
[37m[37m[0;32mI (160) boot: Loaded app from partition at offset 0x10000[37m[37m[0m
[0;32mI (160) boot: Disabling RNG early entropy source...[37m[37m[0m
[0;32mI (172) cpu_start: Unicore app[0m
[37m[37m[0;32mI (181) cpu_start: Pro cpu start user code[0m
[0;32mI [37m([37m181) cpu_start: cpu freq: 160000000 Hz[0m
[0;32mI (181) app_[37mi[37mnit: Application information:[0m
[0;32mI (184) app_init: Pro[37mj[37mect name:     neoring[0m
[0;32mI (188) app_init: App version[37m:[37m      4466cce-dirty[0m
[0;32mI (194) app_init: Compile time:[37m [37m    Sep 10 2024 14:44:54[0m
[0;32mI (200) app_init: ELF file[37m [37mSHA256:  0000000000000000...[0m
[0;32mI (206) app_init: ESP-[37mI[37mDF:          5.3.0[0m
[0;32mI (210) efuse_init: Min chip rev[37m:[37m     v0.0[0m
[0;32mI (215) efuse_init: Max chip rev:     v0.[37m9[37m9 [0m
[0;32mI (220) efuse_init: Chip rev:         v0.0[0m
[37m[37m[0;32mI (225) heap_init: Initializing. RAM available for dynami[37mc[37m allocation:[0m
[0;32mI (232) heap_init: At 4080E360 len 000[37m6[37mE2B0 (440 KiB): RAM[0m
[0;32mI (238) heap_init: At 4087C610 [37ml[37men 00002F54 (11 KiB): RAM[0m
[0;32mI (244) heap_init: At 500[37m0[37m0000 len 00003FE8 (15 KiB): RTCRAM[0m
[0;32mI (251) spi_flas[37mh[37m: detected chip: generic[0m
[0;32mI (255) spi_flash: flash i[37mo[37m: dio[0m
[0;32mI (259) sleep: Configure to isolate all GPIO [37mp[37mins in sleep state[0m
[0;32mI (266) sleep: Enable automatic [37ms[37mwitching of GPIO sleep configuration[0m
[0;32mI (273) coexis[37mt[37m: coex firmware version: dab85ae96[0m
[37m[37m[0;32mI (301) coexist: coexist rom version 5b8dcfa[0m
[0;32m[37mI[37m (301) main_task: Started on CPU0[0m
[0;32mI (301) main_task[37m:[37m Calling app_main()[0m
[0;32mI (301) WS2812B Driver: Initial[37mi[37mzing Neopixel Driver[0m
[0;32mI (301) gpio: GPIO[14]| InputE[37mn[37m: 0| OutputEn: 1| OpenDrain: 0| Pullup: 0| Pulldown: 0| Intr:0 [37m[37m[0m
[0;32mI (311) WS2812B Driver: RMT RX Channel Creation[0m[37m[37m
[0;32mI (321) gpio: GPIO[14]| InputEn: 0| OutputEn: 1| OpenDr[37ma[37min: 0| Pullup: 1| Pulldown: 0| Intr:0 [0m
[0;32mI (331) WS28[37m1[37m2B Driver: RMT TX Callback Encoder Setup[0m
[0;32mI (331) WS[37m2[37m812B Driver: Enabling RMT TX Channel[0m
[0;32mI (341) WS2812[37mB[37m Driver: Neopixel Driver Initialized[0m
[0;32mI (341) Neopix[37me[37ml Driver: Neopixel ID: 0 in pointer 0x4081232c: 100 0 0, 0x4081[37m2[37m33c[0m
[0;32mI (351) Neopixel Driver: Neopixel ID: 1 in poin[37mt[37mer 0x4081233c: 100 0 0, 0x4081234c[0m
[0;32mI (361) Neopixel[37m [37mDriver: Neopixel ID: 2 in pointer 0x4081234c: 100 0 0, 0x408123[37m5[37mc[0m
[0;32mI (371) Neopixel Driver: Neopixel ID: 3 in pointe[37mr[37m 0x4081235c: 100 0 0, 0x4081236c[0m
[0;32mI (381) Neopixel D[37mr[37miver: Neopixel ID: 4 in pointer 0x4081236c: 100 0 0, 0x4081237c[37m[37m[0m
[0;32mI (381) Neopixel Driver: Neopixel ID: 5 in pointer [37m0[37mx4081237c: 100 0 0, 0x4081238c[0m
[0;32mI (391) Neopixel Dri[37mv[37mer: Neopixel ID: 6 in pointer 0x4081238c: 100 0 0, 0x4081239c[[37m0[37mm
[0;32mI (401) Neopixel Driver: Neopixel ID: 7 in pointer 0x[37m4[37m081239c: 100 0 0, 0x408123ac[0m
[0;32mI (411) Neopixel Drive[37mr[37m: Neopixel ID: 8 in pointer 0x408123ac: 100 0 0, 0x408123bc[0m[37m[37m
[0;32mI (421) Neopixel Driver: Neopixel ID: 9 in pointer 0x40[37m8[37m123bc: 100 0 0, 0x408123cc[0m
[0;32mI (431) Neopixel Driver:[37m [37mNeopixel ID: 10 in pointer 0x408123cc: 100 0 0, 0x408123dc[0m[37m
[37m[0;32mI (431) Neopixel Driver: Neopixel ID: 11 in pointer 0x40[37m8[37m123dc: 100 0 0, 0x4081232c[0m
[0;32mI (441) Neopixel Driver:[37m [37mBuffer: 0x[0m
00640000640000640000640000640000640000640000640[37m0[37m006400006400006400006400
Writing to Neopixel Ring
[37m[37m
Done
[37m[37m[0;32mI (1961) Neopixel Driver: Buffer: 0x[0m
640000006400006[37m4[37m00006400006400006400006400006400006400006400006400006400
Writi[37mn[37mg to Neopixel Ring
[37m[37m
Done
[0;32mI (2461) main_task: Returned from app_main()[0m[37m
